// Jest Snapshot v1, https://goo.gl/fbAQLP

exports[`ManageEditors renders as expected 1`] = `
<span
  className=""
>
  <svg
    aria-hidden={true}
    className="MuiSvgIcon-root comment-round-button-2"
    focusable="false"
    onClick={[Function]}
    style={
      Object {
        "fontSize": 60,
        "margin-left": "2%",
      }
    }
    viewBox="0 0 24 24"
  >
    <path
      d="M10 8H8v4H4v2h4v4h2v-4h4v-2h-4zm4.5-1.92V7.9l2.5-.5V18h2V5z"
    />
  </svg>
</span>
`;
