// Jest Snapshot v1, https://goo.gl/fbAQLP

exports[`AccountVerificationForm renders as expected 1`] = `
<div
  className="LoginPage"
>
  <form
    onSubmit={[Function]}
  >
    <label>
      Password
      <input
        name="password"
        onChange={[Function]}
        placeholder="password"
        type="password"
        value=""
      />
    </label>
    <div />
    <div />
    <button
      onClick={[Function]}
      type="submit"
    >
      Activate Account
    </button>
  </form>
</div>
`;
