// Jest Snapshot v1, https://goo.gl/fbAQLP

exports[`StudentDetailPage renders as expected 1`] = `
<div
  className="CourseDetail"
>
  <header
    className="header"
  >
    <a
      href="/www.stub.com"
      onClick={[Function]}
    />
    <span
      className="lock-icon"
    >
      <svg
        aria-hidden={true}
        className="MuiSvgIcon-root"
        focusable="false"
        onClick={[Function]}
        viewBox="0 0 24 24"
      >
        <path
          d="M18 8h-1V6c0-2.76-2.24-5-5-5S7 3.24 7 6v2H6c-1.1 0-2 .9-2 2v10c0 1.1.9 2 2 2h12c1.1 0 2-.9 2-2V10c0-1.1-.9-2-2-2zm-6 9c-1.1 0-2-.9-2-2s.9-2 2-2 2 .9 2 2-.9 2-2 2zm3.1-9H8.9V6c0-1.71 1.39-3.1 3.1-3.1 1.71 0 3.1 1.39 3.1 3.1v2z"
        />
      </svg>
      <div>
        <div>
          <div
            className="Toastify"
          />
        </div>
      </div>
    </span>
  </header>
  <div
    className="content"
  >
    <div
      className="sidebar"
    >
      <div>
        <ul
          className="lessons"
        >
          <li
            className="lesson-item"
          >
            <div>
              <div>
                <a
                  href="/student/undefined/savedanswers"
                  onClick={[Function]}
                >
                   
                  <span
                    title="Saved Answers"
                  >
                     
                    Saved Answers
                     
                  </span>
                   
                </a>
                <br />
                <div />
              </div>
            </div>
          </li>
          <li
            className="lesson-item"
          >
            <div>
              <div>
                <a
                  href="/student/undefined/grades"
                  onClick={[Function]}
                >
                   
                  <span
                    title="Grades"
                  >
                     
                    Grades
                     
                  </span>
                   
                </a>
                <br />
                <div />
              </div>
            </div>
          </li>
          <li
            className="lesson-item"
          >
            <div>
              <div>
                <a
                  href="/student/undefined/attendance"
                  onClick={[Function]}
                >
                   
                  <span
                    title="Attendance"
                  >
                     
                    Attendance
                     
                  </span>
                   
                </a>
                <br />
                <div />
              </div>
            </div>
          </li>
          <li
            className="lesson-item"
          >
            <div>
              <div>
                <a
                  href="/student/undefined/sessions/courseId/undefined"
                  onClick={[Function]}
                >
                   
                  <span
                    title="Session"
                  >
                     
                    Session
                     
                  </span>
                   
                </a>
                <br />
                <div />
              </div>
            </div>
          </li>
          <li
            className="lesson-item"
          >
            <div>
              <div>
                <a
                  href="/student/undefined/logins"
                  onClick={[Function]}
                >
                   
                  <span
                    title="Logins"
                  >
                     
                    Logins
                     
                  </span>
                   
                </a>
                <br />
                <div />
              </div>
            </div>
          </li>
        </ul>
      </div>
    </div>
    <div
      className="lesson"
    >
      <div
        className="children"
      />
    </div>
    <div
      className="sidebar"
    />
  </div>
</div>
`;
