// Jest Snapshot v1, https://goo.gl/fbAQLP

exports[`Users renders as expected 1`] = `
<div>
  \`Not Found. Fooled you! HAHAHA and you thought that I exist.\`
</div>
`;
