// Jest Snapshot v1, https://goo.gl/fbAQLP

exports[`Scheduling renders as expected 1`] = `
<div
  className="events"
>
  <br />
  <span>
    <form
      className=""
      onSubmit={[Function]}
    >
      <span
        className="row"
      >
        <input
          onChange={[Function]}
          placeholder="Event Title"
          type="text"
          value="Available"
        />
      </span>
      <span
        className="row"
      >
        <input
          onChange={[Function]}
          placeholder="Event Location"
          type="text"
          value=""
        />
      </span>
      <span
        className="row"
      >
        <span
          className="col"
        >
          Start Date
          <input
            onChange={[Function]}
            placeholder="Event Start"
            type="date"
            value="AM 1/01/2021"
          />
        </span>
        <span
          className="col"
        >
          Start Time
          <input
            onChange={[Function]}
            placeholder="Event Start"
            type="time"
            value="12:00:00"
          />
        </span>
      </span>
      <span
        className="row"
      >
        <span
          className="col"
        >
          End Date
          <input
            onChange={[Function]}
            placeholder="Event End"
            type="date"
            value="AM 1/01/2021"
          />
        </span>
        <span
          className="col"
        >
          End Time
          <input
            onChange={[Function]}
            placeholder="Event End"
            type="time"
            value="12:00:00"
          />
        </span>
      </span>
      <span
        className="row"
      >
        <span
          className="col-sm-3"
        >
          <label>
            All Day ?
          </label>
        </span>
        <div
          class="w-10"
        />
        <span
          className="col-sm-6"
        >
          <div>
            <label
              className="switch"
            >
              <input
                checked={false}
                onChange={[Function]}
                type="checkbox"
                value="isAllDay"
              />
              <span
                class="slider round"
              />
            </label>
          </div>
        </span>
      </span>
      <span
        className="row"
      >
        <span
          className="col-sm-3"
        >
          <label>
            Is Recurring ?
          </label>
        </span>
        <div
          class="w-10"
        />
        <span
          className="col-sm-6"
        >
          <div>
            <label
              className="switch"
            >
              <input
                checked={false}
                onChange={[Function]}
                type="checkbox"
                value="isRecurring"
              />
              <span
                class="slider round"
              />
            </label>
          </div>
        </span>
      </span>
      <button
        onClick={[Function]}
      >
         
        Submit
         
      </button>
    </form>
  </span>
</div>
`;
