// Jest Snapshot v1, https://goo.gl/fbAQLP

exports[`Ratings renders as expected 1`] = `
<span>
  courseId: 
   || userId: 
    || Review: Great course. Seasoned tutor.
</span>
`;
