// Jest Snapshot v1, https://goo.gl/fbAQLP

exports[`MultiEditorComponent renders as expected 1`] = `
<div
  className="answers"
>
  <header>
    <button
      className="test"
      onClick={[Function]}
    >
      Toggle Preview Mode
    </button>
    Lesson: 
  </header>
  <div
    className="content"
  >
    <div
      className="sidebar"
    >
      <div
        className="input-field-builder-selector"
      >
        <span
          className="dropDownSelector"
        >
          <span>
            <form
              onSubmit={[Function]}
            >
              <label>
                <span
                  className="main-title"
                >
                  
                </span>
              </label>
              <label>
                <div
                  className="MuiInputBase-root MuiInput-root MuiInput-underline space-between-select"
                  onClick={[Function]}
                >
                  <div
                    aria-haspopup="listbox"
                    aria-label="Without label"
                    className="MuiSelect-root MuiSelect-select MuiSelect-selectMenu MuiInputBase-input MuiInput-input"
                    onBlur={[Function]}
                    onFocus={[Function]}
                    onKeyDown={[Function]}
                    onMouseDown={[Function]}
                    role="button"
                    tabIndex={0}
                  >
                    <span
                      dangerouslySetInnerHTML={
                        Object {
                          "__html": "&#8203;",
                        }
                      }
                    />
                  </div>
                  <input
                    aria-hidden={true}
                    className="MuiSelect-nativeInput"
                    onAnimationStart={[Function]}
                    onChange={[Function]}
                    tabIndex={-1}
                  />
                  <svg
                    aria-hidden={true}
                    className="MuiSvgIcon-root MuiSelect-icon"
                    focusable="false"
                    viewBox="0 0 24 24"
                  >
                    <path
                      d="M7 10l5 5 5-5z"
                    />
                  </svg>
                </div>
              </label>
            </form>
          </span>
        </span>
      </div>
      <div>
        <button
          className="form-builder-btn"
          onClick={[Function]}
        >
           
          Save
        </button>
      </div>
    </div>
    <div>
      <div>
        No answers.
      </div>
      <div>
         
        <br />
         
      </div>
      <div>
        <input
          className="form-builder-btn"
          onClick={[Function]}
          type="button"
          value="+"
        />
        <input
          className="form-builder-btn"
          onClick={[Function]}
          type="button"
          value="-"
        />
      </div>
      <div>
        <button
          className="form-builder-btn"
          onClick={[Function]}
        >
           
          Save
        </button>
      </div>
    </div>
  </div>
</div>
`;
