// Jest Snapshot v1, https://goo.gl/fbAQLP

exports[`Shopping cart. renders as expected 1`] = `
<span
  className="cart"
/>
`;
