// Jest Snapshot v1, https://goo.gl/fbAQLP

exports[`SessionPage renders as expected 1`] = `
<div
  className="session"
/>
`;
