// Jest Snapshot v1, https://goo.gl/fbAQLP

exports[`ReactIframe renders as expected 1`] = `
<div
  className="iframe"
>
  <iframe
    allow="camera;microphone"
  />
</div>
`;
